Archive member included to satisfy reference by file (symbol)

/usr/lib/gcc/arm-none-eabi/10.3.1/../../../arm-none-eabi/lib/thumb/v7-m/nofp/libc_nano.a(lib_a-atexit.o)
                              /usr/lib/gcc/arm-none-eabi/10.3.1/../../../arm-none-eabi/lib/thumb/v7-m/nofp/crt0.o (atexit)
/usr/lib/gcc/arm-none-eabi/10.3.1/../../../arm-none-eabi/lib/thumb/v7-m/nofp/libc_nano.a(lib_a-exit.o)
                              /usr/lib/gcc/arm-none-eabi/10.3.1/../../../arm-none-eabi/lib/thumb/v7-m/nofp/crt0.o (exit)
/usr/lib/gcc/arm-none-eabi/10.3.1/../../../arm-none-eabi/lib/thumb/v7-m/nofp/libc_nano.a(lib_a-fini.o)
                              /usr/lib/gcc/arm-none-eabi/10.3.1/../../../arm-none-eabi/lib/thumb/v7-m/nofp/crt0.o (__libc_fini_array)
/usr/lib/gcc/arm-none-eabi/10.3.1/../../../arm-none-eabi/lib/thumb/v7-m/nofp/libc_nano.a(lib_a-impure.o)
                              /usr/lib/gcc/arm-none-eabi/10.3.1/../../../arm-none-eabi/lib/thumb/v7-m/nofp/libc_nano.a(lib_a-exit.o) (_global_impure_ptr)
/usr/lib/gcc/arm-none-eabi/10.3.1/../../../arm-none-eabi/lib/thumb/v7-m/nofp/libc_nano.a(lib_a-init.o)
                              /usr/lib/gcc/arm-none-eabi/10.3.1/../../../arm-none-eabi/lib/thumb/v7-m/nofp/crt0.o (__libc_init_array)
/usr/lib/gcc/arm-none-eabi/10.3.1/../../../arm-none-eabi/lib/thumb/v7-m/nofp/libc_nano.a(lib_a-memset.o)
                              /usr/lib/gcc/arm-none-eabi/10.3.1/../../../arm-none-eabi/lib/thumb/v7-m/nofp/crt0.o (memset)
/usr/lib/gcc/arm-none-eabi/10.3.1/../../../arm-none-eabi/lib/thumb/v7-m/nofp/libc_nano.a(lib_a-__atexit.o)
                              /usr/lib/gcc/arm-none-eabi/10.3.1/../../../arm-none-eabi/lib/thumb/v7-m/nofp/libc_nano.a(lib_a-atexit.o) (__register_exitproc)
/usr/lib/gcc/arm-none-eabi/10.3.1/../../../arm-none-eabi/lib/thumb/v7-m/nofp/libc_nano.a(lib_a-__call_atexit.o)
                              /usr/lib/gcc/arm-none-eabi/10.3.1/../../../arm-none-eabi/lib/thumb/v7-m/nofp/libc_nano.a(lib_a-__atexit.o) (__call_exitprocs)

Discarded input sections

 .text          0x0000000000000000        0x0 /usr/lib/gcc/arm-none-eabi/10.3.1/thumb/v7-m/nofp/crti.o
 .data          0x0000000000000000        0x0 /usr/lib/gcc/arm-none-eabi/10.3.1/thumb/v7-m/nofp/crti.o
 .bss           0x0000000000000000        0x0 /usr/lib/gcc/arm-none-eabi/10.3.1/thumb/v7-m/nofp/crti.o
 .data          0x0000000000000000        0x4 /usr/lib/gcc/arm-none-eabi/10.3.1/thumb/v7-m/nofp/crtbegin.o
 .rodata        0x0000000000000000       0x24 /usr/lib/gcc/arm-none-eabi/10.3.1/thumb/v7-m/nofp/crtbegin.o
 .text          0x0000000000000000       0x70 /usr/lib/gcc/arm-none-eabi/10.3.1/../../../arm-none-eabi/lib/thumb/v7-m/nofp/crt0.o
 .data          0x0000000000000000        0x0 /usr/lib/gcc/arm-none-eabi/10.3.1/../../../arm-none-eabi/lib/thumb/v7-m/nofp/crt0.o
 .bss           0x0000000000000000        0x0 /usr/lib/gcc/arm-none-eabi/10.3.1/../../../arm-none-eabi/lib/thumb/v7-m/nofp/crt0.o
 .ARM.extab     0x0000000000000000        0x0 /usr/lib/gcc/arm-none-eabi/10.3.1/../../../arm-none-eabi/lib/thumb/v7-m/nofp/crt0.o
 .ARM.exidx     0x0000000000000000       0x10 /usr/lib/gcc/arm-none-eabi/10.3.1/../../../arm-none-eabi/lib/thumb/v7-m/nofp/crt0.o
 .debug_line    0x0000000000000000       0x87 /usr/lib/gcc/arm-none-eabi/10.3.1/../../../arm-none-eabi/lib/thumb/v7-m/nofp/crt0.o
 .debug_info    0x0000000000000000       0x26 /usr/lib/gcc/arm-none-eabi/10.3.1/../../../arm-none-eabi/lib/thumb/v7-m/nofp/crt0.o
 .debug_abbrev  0x0000000000000000       0x14 /usr/lib/gcc/arm-none-eabi/10.3.1/../../../arm-none-eabi/lib/thumb/v7-m/nofp/crt0.o
 .debug_aranges
                0x0000000000000000       0x20 /usr/lib/gcc/arm-none-eabi/10.3.1/../../../arm-none-eabi/lib/thumb/v7-m/nofp/crt0.o
 .debug_str     0x0000000000000000       0x94 /usr/lib/gcc/arm-none-eabi/10.3.1/../../../arm-none-eabi/lib/thumb/v7-m/nofp/crt0.o
 .ARM.attributes
                0x0000000000000000       0x1b /usr/lib/gcc/arm-none-eabi/10.3.1/../../../arm-none-eabi/lib/thumb/v7-m/nofp/crt0.o
 .text          0x0000000000000000        0xc /usr/lib/gcc/arm-none-eabi/10.3.1/../../../arm-none-eabi/lib/thumb/v7-m/nofp/libc_nano.a(lib_a-atexit.o)
 .data          0x0000000000000000        0x0 /usr/lib/gcc/arm-none-eabi/10.3.1/../../../arm-none-eabi/lib/thumb/v7-m/nofp/libc_nano.a(lib_a-atexit.o)
 .bss           0x0000000000000000        0x0 /usr/lib/gcc/arm-none-eabi/10.3.1/../../../arm-none-eabi/lib/thumb/v7-m/nofp/libc_nano.a(lib_a-atexit.o)
 .debug_info    0x0000000000000000      0x100 /usr/lib/gcc/arm-none-eabi/10.3.1/../../../arm-none-eabi/lib/thumb/v7-m/nofp/libc_nano.a(lib_a-atexit.o)
 .debug_abbrev  0x0000000000000000       0xb7 /usr/lib/gcc/arm-none-eabi/10.3.1/../../../arm-none-eabi/lib/thumb/v7-m/nofp/libc_nano.a(lib_a-atexit.o)
 .debug_loc     0x0000000000000000       0x32 /usr/lib/gcc/arm-none-eabi/10.3.1/../../../arm-none-eabi/lib/thumb/v7-m/nofp/libc_nano.a(lib_a-atexit.o)
 .debug_aranges
                0x0000000000000000       0x20 /usr/lib/gcc/arm-none-eabi/10.3.1/../../../arm-none-eabi/lib/thumb/v7-m/nofp/libc_nano.a(lib_a-atexit.o)
 .debug_line    0x0000000000000000       0xc0 /usr/lib/gcc/arm-none-eabi/10.3.1/../../../arm-none-eabi/lib/thumb/v7-m/nofp/libc_nano.a(lib_a-atexit.o)
 .debug_str     0x0000000000000000      0x1e1 /usr/lib/gcc/arm-none-eabi/10.3.1/../../../arm-none-eabi/lib/thumb/v7-m/nofp/libc_nano.a(lib_a-atexit.o)
 .comment       0x0000000000000000       0x34 /usr/lib/gcc/arm-none-eabi/10.3.1/../../../arm-none-eabi/lib/thumb/v7-m/nofp/libc_nano.a(lib_a-atexit.o)
 .debug_frame   0x0000000000000000       0x20 /usr/lib/gcc/arm-none-eabi/10.3.1/../../../arm-none-eabi/lib/thumb/v7-m/nofp/libc_nano.a(lib_a-atexit.o)
 .ARM.attributes
                0x0000000000000000       0x2d /usr/lib/gcc/arm-none-eabi/10.3.1/../../../arm-none-eabi/lib/thumb/v7-m/nofp/libc_nano.a(lib_a-atexit.o)
 .text          0x0000000000000000       0x28 /usr/lib/gcc/arm-none-eabi/10.3.1/../../../arm-none-eabi/lib/thumb/v7-m/nofp/libc_nano.a(lib_a-exit.o)
 .data          0x0000000000000000        0x0 /usr/lib/gcc/arm-none-eabi/10.3.1/../../../arm-none-eabi/lib/thumb/v7-m/nofp/libc_nano.a(lib_a-exit.o)
 .bss           0x0000000000000000        0x0 /usr/lib/gcc/arm-none-eabi/10.3.1/../../../arm-none-eabi/lib/thumb/v7-m/nofp/libc_nano.a(lib_a-exit.o)
 .debug_info    0x0000000000000000      0x81a /usr/lib/gcc/arm-none-eabi/10.3.1/../../../arm-none-eabi/lib/thumb/v7-m/nofp/libc_nano.a(lib_a-exit.o)
 .debug_abbrev  0x0000000000000000      0x1ba /usr/lib/gcc/arm-none-eabi/10.3.1/../../../arm-none-eabi/lib/thumb/v7-m/nofp/libc_nano.a(lib_a-exit.o)
 .debug_loc     0x0000000000000000       0x22 /usr/lib/gcc/arm-none-eabi/10.3.1/../../../arm-none-eabi/lib/thumb/v7-m/nofp/libc_nano.a(lib_a-exit.o)
 .debug_aranges
                0x0000000000000000       0x20 /usr/lib/gcc/arm-none-eabi/10.3.1/../../../arm-none-eabi/lib/thumb/v7-m/nofp/libc_nano.a(lib_a-exit.o)
 .debug_line    0x0000000000000000      0x16d /usr/lib/gcc/arm-none-eabi/10.3.1/../../../arm-none-eabi/lib/thumb/v7-m/nofp/libc_nano.a(lib_a-exit.o)
 .debug_str     0x0000000000000000      0x520 /usr/lib/gcc/arm-none-eabi/10.3.1/../../../arm-none-eabi/lib/thumb/v7-m/nofp/libc_nano.a(lib_a-exit.o)
 .comment       0x0000000000000000       0x34 /usr/lib/gcc/arm-none-eabi/10.3.1/../../../arm-none-eabi/lib/thumb/v7-m/nofp/libc_nano.a(lib_a-exit.o)
 .debug_frame   0x0000000000000000       0x28 /usr/lib/gcc/arm-none-eabi/10.3.1/../../../arm-none-eabi/lib/thumb/v7-m/nofp/libc_nano.a(lib_a-exit.o)
 .ARM.attributes
                0x0000000000000000       0x2d /usr/lib/gcc/arm-none-eabi/10.3.1/../../../arm-none-eabi/lib/thumb/v7-m/nofp/libc_nano.a(lib_a-exit.o)
 .text          0x0000000000000000       0x2c /usr/lib/gcc/arm-none-eabi/10.3.1/../../../arm-none-eabi/lib/thumb/v7-m/nofp/libc_nano.a(lib_a-fini.o)
 .data          0x0000000000000000        0x0 /usr/lib/gcc/arm-none-eabi/10.3.1/../../../arm-none-eabi/lib/thumb/v7-m/nofp/libc_nano.a(lib_a-fini.o)
 .bss           0x0000000000000000        0x0 /usr/lib/gcc/arm-none-eabi/10.3.1/../../../arm-none-eabi/lib/thumb/v7-m/nofp/libc_nano.a(lib_a-fini.o)
 .debug_info    0x0000000000000000      0x102 /usr/lib/gcc/arm-none-eabi/10.3.1/../../../arm-none-eabi/lib/thumb/v7-m/nofp/libc_nano.a(lib_a-fini.o)
 .debug_abbrev  0x0000000000000000       0xcf /usr/lib/gcc/arm-none-eabi/10.3.1/../../../arm-none-eabi/lib/thumb/v7-m/nofp/libc_nano.a(lib_a-fini.o)
 .debug_loc     0x0000000000000000       0x68 /usr/lib/gcc/arm-none-eabi/10.3.1/../../../arm-none-eabi/lib/thumb/v7-m/nofp/libc_nano.a(lib_a-fini.o)
 .debug_aranges
                0x0000000000000000       0x20 /usr/lib/gcc/arm-none-eabi/10.3.1/../../../arm-none-eabi/lib/thumb/v7-m/nofp/libc_nano.a(lib_a-fini.o)
 .debug_line    0x0000000000000000       0xed /usr/lib/gcc/arm-none-eabi/10.3.1/../../../arm-none-eabi/lib/thumb/v7-m/nofp/libc_nano.a(lib_a-fini.o)
 .debug_str     0x0000000000000000      0x1d9 /usr/lib/gcc/arm-none-eabi/10.3.1/../../../arm-none-eabi/lib/thumb/v7-m/nofp/libc_nano.a(lib_a-fini.o)
 .comment       0x0000000000000000       0x34 /usr/lib/gcc/arm-none-eabi/10.3.1/../../../arm-none-eabi/lib/thumb/v7-m/nofp/libc_nano.a(lib_a-fini.o)
 .debug_frame   0x0000000000000000       0x34 /usr/lib/gcc/arm-none-eabi/10.3.1/../../../arm-none-eabi/lib/thumb/v7-m/nofp/libc_nano.a(lib_a-fini.o)
 .ARM.attributes
                0x0000000000000000       0x2d /usr/lib/gcc/arm-none-eabi/10.3.1/../../../arm-none-eabi/lib/thumb/v7-m/nofp/libc_nano.a(lib_a-fini.o)
 .text          0x0000000000000000        0x0 /usr/lib/gcc/arm-none-eabi/10.3.1/../../../arm-none-eabi/lib/thumb/v7-m/nofp/libc_nano.a(lib_a-impure.o)
 .data          0x0000000000000000       0x64 /usr/lib/gcc/arm-none-eabi/10.3.1/../../../arm-none-eabi/lib/thumb/v7-m/nofp/libc_nano.a(lib_a-impure.o)
 .bss           0x0000000000000000        0x0 /usr/lib/gcc/arm-none-eabi/10.3.1/../../../arm-none-eabi/lib/thumb/v7-m/nofp/libc_nano.a(lib_a-impure.o)
 .rodata        0x0000000000000000        0x4 /usr/lib/gcc/arm-none-eabi/10.3.1/../../../arm-none-eabi/lib/thumb/v7-m/nofp/libc_nano.a(lib_a-impure.o)
 .debug_info    0x0000000000000000      0x863 /usr/lib/gcc/arm-none-eabi/10.3.1/../../../arm-none-eabi/lib/thumb/v7-m/nofp/libc_nano.a(lib_a-impure.o)
 .debug_abbrev  0x0000000000000000      0x151 /usr/lib/gcc/arm-none-eabi/10.3.1/../../../arm-none-eabi/lib/thumb/v7-m/nofp/libc_nano.a(lib_a-impure.o)
 .debug_aranges
                0x0000000000000000       0x18 /usr/lib/gcc/arm-none-eabi/10.3.1/../../../arm-none-eabi/lib/thumb/v7-m/nofp/libc_nano.a(lib_a-impure.o)
 .debug_line    0x0000000000000000       0xe4 /usr/lib/gcc/arm-none-eabi/10.3.1/../../../arm-none-eabi/lib/thumb/v7-m/nofp/libc_nano.a(lib_a-impure.o)
 .debug_str     0x0000000000000000      0x556 /usr/lib/gcc/arm-none-eabi/10.3.1/../../../arm-none-eabi/lib/thumb/v7-m/nofp/libc_nano.a(lib_a-impure.o)
 .comment       0x0000000000000000       0x34 /usr/lib/gcc/arm-none-eabi/10.3.1/../../../arm-none-eabi/lib/thumb/v7-m/nofp/libc_nano.a(lib_a-impure.o)
 .ARM.attributes
                0x0000000000000000       0x2d /usr/lib/gcc/arm-none-eabi/10.3.1/../../../arm-none-eabi/lib/thumb/v7-m/nofp/libc_nano.a(lib_a-impure.o)
 .data          0x0000000000000000        0x0 /usr/lib/gcc/arm-none-eabi/10.3.1/../../../arm-none-eabi/lib/thumb/v7-m/nofp/libc_nano.a(lib_a-init.o)
 .bss           0x0000000000000000        0x0 /usr/lib/gcc/arm-none-eabi/10.3.1/../../../arm-none-eabi/lib/thumb/v7-m/nofp/libc_nano.a(lib_a-init.o)
 .text          0x0000000000000000       0xa4 /usr/lib/gcc/arm-none-eabi/10.3.1/../../../arm-none-eabi/lib/thumb/v7-m/nofp/libc_nano.a(lib_a-memset.o)
 .data          0x0000000000000000        0x0 /usr/lib/gcc/arm-none-eabi/10.3.1/../../../arm-none-eabi/lib/thumb/v7-m/nofp/libc_nano.a(lib_a-memset.o)
 .bss           0x0000000000000000        0x0 /usr/lib/gcc/arm-none-eabi/10.3.1/../../../arm-none-eabi/lib/thumb/v7-m/nofp/libc_nano.a(lib_a-memset.o)
 .debug_info    0x0000000000000000      0x137 /usr/lib/gcc/arm-none-eabi/10.3.1/../../../arm-none-eabi/lib/thumb/v7-m/nofp/libc_nano.a(lib_a-memset.o)
 .debug_abbrev  0x0000000000000000       0xb4 /usr/lib/gcc/arm-none-eabi/10.3.1/../../../arm-none-eabi/lib/thumb/v7-m/nofp/libc_nano.a(lib_a-memset.o)
 .debug_loc     0x0000000000000000      0x22c /usr/lib/gcc/arm-none-eabi/10.3.1/../../../arm-none-eabi/lib/thumb/v7-m/nofp/libc_nano.a(lib_a-memset.o)
 .debug_aranges
                0x0000000000000000       0x20 /usr/lib/gcc/arm-none-eabi/10.3.1/../../../arm-none-eabi/lib/thumb/v7-m/nofp/libc_nano.a(lib_a-memset.o)
 .debug_line    0x0000000000000000      0x1bf /usr/lib/gcc/arm-none-eabi/10.3.1/../../../arm-none-eabi/lib/thumb/v7-m/nofp/libc_nano.a(lib_a-memset.o)
 .debug_str     0x0000000000000000      0x1b8 /usr/lib/gcc/arm-none-eabi/10.3.1/../../../arm-none-eabi/lib/thumb/v7-m/nofp/libc_nano.a(lib_a-memset.o)
 .comment       0x0000000000000000       0x34 /usr/lib/gcc/arm-none-eabi/10.3.1/../../../arm-none-eabi/lib/thumb/v7-m/nofp/libc_nano.a(lib_a-memset.o)
 .debug_frame   0x0000000000000000       0x2c /usr/lib/gcc/arm-none-eabi/10.3.1/../../../arm-none-eabi/lib/thumb/v7-m/nofp/libc_nano.a(lib_a-memset.o)
 .ARM.attributes
                0x0000000000000000       0x2d /usr/lib/gcc/arm-none-eabi/10.3.1/../../../arm-none-eabi/lib/thumb/v7-m/nofp/libc_nano.a(lib_a-memset.o)
 .text          0x0000000000000000       0xac /usr/lib/gcc/arm-none-eabi/10.3.1/../../../arm-none-eabi/lib/thumb/v7-m/nofp/libc_nano.a(lib_a-__atexit.o)
 .data          0x0000000000000000        0x4 /usr/lib/gcc/arm-none-eabi/10.3.1/../../../arm-none-eabi/lib/thumb/v7-m/nofp/libc_nano.a(lib_a-__atexit.o)
 .bss           0x0000000000000000       0x8c /usr/lib/gcc/arm-none-eabi/10.3.1/../../../arm-none-eabi/lib/thumb/v7-m/nofp/libc_nano.a(lib_a-__atexit.o)
 .debug_info    0x0000000000000000      0x269 /usr/lib/gcc/arm-none-eabi/10.3.1/../../../arm-none-eabi/lib/thumb/v7-m/nofp/libc_nano.a(lib_a-__atexit.o)
 .debug_abbrev  0x0000000000000000      0x1bd /usr/lib/gcc/arm-none-eabi/10.3.1/../../../arm-none-eabi/lib/thumb/v7-m/nofp/libc_nano.a(lib_a-__atexit.o)
 .debug_loc     0x0000000000000000      0x1c4 /usr/lib/gcc/arm-none-eabi/10.3.1/../../../arm-none-eabi/lib/thumb/v7-m/nofp/libc_nano.a(lib_a-__atexit.o)
 .debug_aranges
                0x0000000000000000       0x20 /usr/lib/gcc/arm-none-eabi/10.3.1/../../../arm-none-eabi/lib/thumb/v7-m/nofp/libc_nano.a(lib_a-__atexit.o)
 .debug_line    0x0000000000000000      0x1fc /usr/lib/gcc/arm-none-eabi/10.3.1/../../../arm-none-eabi/lib/thumb/v7-m/nofp/libc_nano.a(lib_a-__atexit.o)
 .debug_str     0x0000000000000000      0x28f /usr/lib/gcc/arm-none-eabi/10.3.1/../../../arm-none-eabi/lib/thumb/v7-m/nofp/libc_nano.a(lib_a-__atexit.o)
 .comment       0x0000000000000000       0x34 /usr/lib/gcc/arm-none-eabi/10.3.1/../../../arm-none-eabi/lib/thumb/v7-m/nofp/libc_nano.a(lib_a-__atexit.o)
 .debug_frame   0x0000000000000000       0x38 /usr/lib/gcc/arm-none-eabi/10.3.1/../../../arm-none-eabi/lib/thumb/v7-m/nofp/libc_nano.a(lib_a-__atexit.o)
 .ARM.attributes
                0x0000000000000000       0x2d /usr/lib/gcc/arm-none-eabi/10.3.1/../../../arm-none-eabi/lib/thumb/v7-m/nofp/libc_nano.a(lib_a-__atexit.o)
 .text          0x0000000000000000       0xc0 /usr/lib/gcc/arm-none-eabi/10.3.1/../../../arm-none-eabi/lib/thumb/v7-m/nofp/libc_nano.a(lib_a-__call_atexit.o)
 .data          0x0000000000000000        0x0 /usr/lib/gcc/arm-none-eabi/10.3.1/../../../arm-none-eabi/lib/thumb/v7-m/nofp/libc_nano.a(lib_a-__call_atexit.o)
 .bss           0x0000000000000000        0x4 /usr/lib/gcc/arm-none-eabi/10.3.1/../../../arm-none-eabi/lib/thumb/v7-m/nofp/libc_nano.a(lib_a-__call_atexit.o)
 .debug_info    0x0000000000000000      0x249 /usr/lib/gcc/arm-none-eabi/10.3.1/../../../arm-none-eabi/lib/thumb/v7-m/nofp/libc_nano.a(lib_a-__call_atexit.o)
 .debug_abbrev  0x0000000000000000      0x179 /usr/lib/gcc/arm-none-eabi/10.3.1/../../../arm-none-eabi/lib/thumb/v7-m/nofp/libc_nano.a(lib_a-__call_atexit.o)
 .debug_loc     0x0000000000000000      0x17d /usr/lib/gcc/arm-none-eabi/10.3.1/../../../arm-none-eabi/lib/thumb/v7-m/nofp/libc_nano.a(lib_a-__call_atexit.o)
 .debug_aranges
                0x0000000000000000       0x20 /usr/lib/gcc/arm-none-eabi/10.3.1/../../../arm-none-eabi/lib/thumb/v7-m/nofp/libc_nano.a(lib_a-__call_atexit.o)
 .debug_ranges  0x0000000000000000       0x30 /usr/lib/gcc/arm-none-eabi/10.3.1/../../../arm-none-eabi/lib/thumb/v7-m/nofp/libc_nano.a(lib_a-__call_atexit.o)
 .debug_line    0x0000000000000000      0x200 /usr/lib/gcc/arm-none-eabi/10.3.1/../../../arm-none-eabi/lib/thumb/v7-m/nofp/libc_nano.a(lib_a-__call_atexit.o)
 .debug_str     0x0000000000000000      0x253 /usr/lib/gcc/arm-none-eabi/10.3.1/../../../arm-none-eabi/lib/thumb/v7-m/nofp/libc_nano.a(lib_a-__call_atexit.o)
 .comment       0x0000000000000000       0x34 /usr/lib/gcc/arm-none-eabi/10.3.1/../../../arm-none-eabi/lib/thumb/v7-m/nofp/libc_nano.a(lib_a-__call_atexit.o)
 .debug_frame   0x0000000000000000       0x40 /usr/lib/gcc/arm-none-eabi/10.3.1/../../../arm-none-eabi/lib/thumb/v7-m/nofp/libc_nano.a(lib_a-__call_atexit.o)
 .ARM.attributes
                0x0000000000000000       0x2d /usr/lib/gcc/arm-none-eabi/10.3.1/../../../arm-none-eabi/lib/thumb/v7-m/nofp/libc_nano.a(lib_a-__call_atexit.o)
 .group         0x0000000000000000        0xc CMakeFiles/103c8-cmake.dir/src/main.c.obj
 .group         0x0000000000000000        0xc CMakeFiles/103c8-cmake.dir/src/main.c.obj
 .group         0x0000000000000000        0xc CMakeFiles/103c8-cmake.dir/src/main.c.obj
 .group         0x0000000000000000        0xc CMakeFiles/103c8-cmake.dir/src/main.c.obj
 .text          0x0000000000000000        0x0 CMakeFiles/103c8-cmake.dir/src/main.c.obj
 .data          0x0000000000000000        0x0 CMakeFiles/103c8-cmake.dir/src/main.c.obj
 .bss           0x0000000000000000        0x0 CMakeFiles/103c8-cmake.dir/src/main.c.obj
 .text          0x0000000000000000       0x14 CMakeFiles/103c8-cmake.dir/src/startup_stm32f103xb.s.obj
 .data          0x0000000000000000        0x0 CMakeFiles/103c8-cmake.dir/src/startup_stm32f103xb.s.obj
 .bss           0x0000000000000000        0x0 CMakeFiles/103c8-cmake.dir/src/startup_stm32f103xb.s.obj
 .text          0x0000000000000000        0x0 /usr/lib/gcc/arm-none-eabi/10.3.1/thumb/v7-m/nofp/crtend.o
 .data          0x0000000000000000        0x0 /usr/lib/gcc/arm-none-eabi/10.3.1/thumb/v7-m/nofp/crtend.o
 .bss           0x0000000000000000        0x0 /usr/lib/gcc/arm-none-eabi/10.3.1/thumb/v7-m/nofp/crtend.o
 .rodata        0x0000000000000000       0x24 /usr/lib/gcc/arm-none-eabi/10.3.1/thumb/v7-m/nofp/crtend.o
 .eh_frame      0x0000000000000000        0x4 /usr/lib/gcc/arm-none-eabi/10.3.1/thumb/v7-m/nofp/crtend.o
 .text          0x0000000000000000        0x0 /usr/lib/gcc/arm-none-eabi/10.3.1/thumb/v7-m/nofp/crtn.o
 .data          0x0000000000000000        0x0 /usr/lib/gcc/arm-none-eabi/10.3.1/thumb/v7-m/nofp/crtn.o
 .bss           0x0000000000000000        0x0 /usr/lib/gcc/arm-none-eabi/10.3.1/thumb/v7-m/nofp/crtn.o

Memory Configuration

Name             Origin             Length             Attributes
RAM              0x0000000020000000 0x0000000000005000 xrw
FLASH            0x0000000008000000 0x0000000000010000 xr
*default*        0x0000000000000000 0xffffffffffffffff

Linker script and memory map

LOAD /usr/lib/gcc/arm-none-eabi/10.3.1/thumb/v7-m/nofp/crti.o
LOAD /usr/lib/gcc/arm-none-eabi/10.3.1/thumb/v7-m/nofp/crtbegin.o
LOAD /usr/lib/gcc/arm-none-eabi/10.3.1/../../../arm-none-eabi/lib/thumb/v7-m/nofp/crt0.o
START GROUP
LOAD /usr/lib/gcc/arm-none-eabi/10.3.1/../../../arm-none-eabi/lib/thumb/v7-m/nofp/libc_nano.a
LOAD /usr/lib/gcc/arm-none-eabi/10.3.1/../../../arm-none-eabi/lib/thumb/v7-m/nofp/libm.a
END GROUP
LOAD CMakeFiles/103c8-cmake.dir/src/main.c.obj
LOAD CMakeFiles/103c8-cmake.dir/src/startup_stm32f103xb.s.obj
START GROUP
LOAD /usr/lib/gcc/arm-none-eabi/10.3.1/thumb/v7-m/nofp/libgcc.a
LOAD /usr/lib/gcc/arm-none-eabi/10.3.1/../../../arm-none-eabi/lib/thumb/v7-m/nofp/libg_nano.a
LOAD /usr/lib/gcc/arm-none-eabi/10.3.1/../../../arm-none-eabi/lib/thumb/v7-m/nofp/libc_nano.a
END GROUP
START GROUP
LOAD /usr/lib/gcc/arm-none-eabi/10.3.1/thumb/v7-m/nofp/libgcc.a
LOAD /usr/lib/gcc/arm-none-eabi/10.3.1/../../../arm-none-eabi/lib/thumb/v7-m/nofp/libc_nano.a
END GROUP
LOAD /usr/lib/gcc/arm-none-eabi/10.3.1/thumb/v7-m/nofp/crtend.o
LOAD /usr/lib/gcc/arm-none-eabi/10.3.1/thumb/v7-m/nofp/crtn.o
                0x0000000020005000                _estack = (ORIGIN (RAM) + LENGTH (RAM))
                0x0000000000000200                _Min_Heap_Size = 0x200
                0x0000000000000400                _Min_Stack_Size = 0x400

.isr_vector     0x0000000008000000      0x10c
                0x0000000008000000                . = ALIGN (0x4)
 *(.isr_vector)
 .isr_vector    0x0000000008000000      0x10c CMakeFiles/103c8-cmake.dir/src/startup_stm32f103xb.s.obj
                0x0000000008000000                g_pfnVectors
                0x000000000800010c                . = ALIGN (0x4)

.text           0x000000000800010c      0x2fc
                0x000000000800010c                . = ALIGN (0x4)
 *(.text)
 .text          0x000000000800010c       0x88 /usr/lib/gcc/arm-none-eabi/10.3.1/thumb/v7-m/nofp/crtbegin.o
 .text          0x0000000008000194       0x48 /usr/lib/gcc/arm-none-eabi/10.3.1/../../../arm-none-eabi/lib/thumb/v7-m/nofp/libc_nano.a(lib_a-init.o)
                0x0000000008000194                __libc_init_array
 *(.text*)
 .text.gpio_init_reg
                0x00000000080001dc       0x40 CMakeFiles/103c8-cmake.dir/src/main.c.obj
 .text.delay_ms
                0x000000000800021c       0x34 CMakeFiles/103c8-cmake.dir/src/main.c.obj
 .text.hal__init
                0x0000000008000250       0x64 CMakeFiles/103c8-cmake.dir/src/main.c.obj
                0x0000000008000250                hal__init
 .text.SystemClock_Config
                0x00000000080002b4       0xc8 CMakeFiles/103c8-cmake.dir/src/main.c.obj
                0x00000000080002b4                SystemClock_Config
 .text.main     0x000000000800037c       0x2c CMakeFiles/103c8-cmake.dir/src/main.c.obj
                0x000000000800037c                main
 .text.Reset_Handler
                0x00000000080003a8       0x44 CMakeFiles/103c8-cmake.dir/src/startup_stm32f103xb.s.obj
                0x00000000080003a8                Reset_Handler
 .text.Default_Handler
                0x00000000080003ec        0x2 CMakeFiles/103c8-cmake.dir/src/startup_stm32f103xb.s.obj
                0x00000000080003ec                RTC_Alarm_IRQHandler
                0x00000000080003ec                EXTI2_IRQHandler
                0x00000000080003ec                DebugMon_Handler
                0x00000000080003ec                TIM1_CC_IRQHandler
                0x00000000080003ec                HardFault_Handler
                0x00000000080003ec                SysTick_Handler
                0x00000000080003ec                PVD_IRQHandler
                0x00000000080003ec                PendSV_Handler
                0x00000000080003ec                NMI_Handler
                0x00000000080003ec                EXTI3_IRQHandler
                0x00000000080003ec                EXTI0_IRQHandler
                0x00000000080003ec                I2C2_EV_IRQHandler
                0x00000000080003ec                UsageFault_Handler
                0x00000000080003ec                ADC1_2_IRQHandler
                0x00000000080003ec                SPI1_IRQHandler
                0x00000000080003ec                TAMPER_IRQHandler
                0x00000000080003ec                DMA1_Channel4_IRQHandler
                0x00000000080003ec                USART3_IRQHandler
                0x00000000080003ec                RTC_IRQHandler
                0x00000000080003ec                DMA1_Channel7_IRQHandler
                0x00000000080003ec                CAN1_RX1_IRQHandler
                0x00000000080003ec                TIM4_IRQHandler
                0x00000000080003ec                I2C1_EV_IRQHandler
                0x00000000080003ec                DMA1_Channel6_IRQHandler
                0x00000000080003ec                TIM3_IRQHandler
                0x00000000080003ec                RCC_IRQHandler
                0x00000000080003ec                TIM1_TRG_COM_IRQHandler
                0x00000000080003ec                DMA1_Channel1_IRQHandler
                0x00000000080003ec                Default_Handler
                0x00000000080003ec                EXTI15_10_IRQHandler
                0x00000000080003ec                EXTI9_5_IRQHandler
                0x00000000080003ec                SPI2_IRQHandler
                0x00000000080003ec                MemManage_Handler
                0x00000000080003ec                SVC_Handler
                0x00000000080003ec                DMA1_Channel5_IRQHandler
                0x00000000080003ec                EXTI4_IRQHandler
                0x00000000080003ec                USB_LP_CAN1_RX0_IRQHandler
                0x00000000080003ec                USB_HP_CAN1_TX_IRQHandler
                0x00000000080003ec                DMA1_Channel3_IRQHandler
                0x00000000080003ec                TIM1_UP_IRQHandler
                0x00000000080003ec                WWDG_IRQHandler
                0x00000000080003ec                TIM2_IRQHandler
                0x00000000080003ec                TIM1_BRK_IRQHandler
                0x00000000080003ec                EXTI1_IRQHandler
                0x00000000080003ec                USART2_IRQHandler
                0x00000000080003ec                I2C2_ER_IRQHandler
                0x00000000080003ec                DMA1_Channel2_IRQHandler
                0x00000000080003ec                CAN1_SCE_IRQHandler
                0x00000000080003ec                FLASH_IRQHandler
                0x00000000080003ec                BusFault_Handler
                0x00000000080003ec                USART1_IRQHandler
                0x00000000080003ec                I2C1_ER_IRQHandler
                0x00000000080003ec                USBWakeUp_IRQHandler
 *(.glue_7)
 .glue_7        0x00000000080003ee        0x0 linker stubs
 *(.glue_7t)
 .glue_7t       0x00000000080003ee        0x0 linker stubs
 *(.eh_frame)
 *fill*         0x00000000080003ee        0x2 
 .eh_frame      0x00000000080003f0        0x0 /usr/lib/gcc/arm-none-eabi/10.3.1/thumb/v7-m/nofp/crtbegin.o
 *(.init)
 .init          0x00000000080003f0        0x4 /usr/lib/gcc/arm-none-eabi/10.3.1/thumb/v7-m/nofp/crti.o
                0x00000000080003f0                _init
 .init          0x00000000080003f4        0x8 /usr/lib/gcc/arm-none-eabi/10.3.1/thumb/v7-m/nofp/crtn.o
 *(.fini)
 .fini          0x00000000080003fc        0x4 /usr/lib/gcc/arm-none-eabi/10.3.1/thumb/v7-m/nofp/crti.o
                0x00000000080003fc                _fini
 .fini          0x0000000008000400        0x8 /usr/lib/gcc/arm-none-eabi/10.3.1/thumb/v7-m/nofp/crtn.o
                0x0000000008000408                . = ALIGN (0x4)
                0x0000000008000408                _etext = .

.vfp11_veneer   0x0000000008000408        0x0
 .vfp11_veneer  0x0000000008000408        0x0 linker stubs

.v4_bx          0x0000000008000408        0x0
 .v4_bx         0x0000000008000408        0x0 linker stubs

.iplt           0x0000000008000408        0x0
 .iplt          0x0000000008000408        0x0 /usr/lib/gcc/arm-none-eabi/10.3.1/thumb/v7-m/nofp/crtbegin.o

.rodata         0x0000000008000408        0x0
                0x0000000008000408                . = ALIGN (0x4)
 *(.rodata)
 *(.rodata*)
                0x0000000008000408                . = ALIGN (0x4)

.ARM.extab      0x0000000008000408        0x0
                0x0000000008000408                . = ALIGN (0x4)
 *(.ARM.extab* .gnu.linkonce.armextab.*)
                0x0000000008000408                . = ALIGN (0x4)

.ARM            0x0000000008000408        0x0
                0x0000000008000408                . = ALIGN (0x4)
                0x0000000008000408                __exidx_start = .
 *(.ARM.exidx*)
                0x0000000008000408                __exidx_end = .
                0x0000000008000408                . = ALIGN (0x4)

.preinit_array  0x0000000008000408        0x0
                0x0000000008000408                . = ALIGN (0x4)
                0x0000000008000408                PROVIDE (__preinit_array_start = .)
 *(.preinit_array*)
                0x0000000008000408                PROVIDE (__preinit_array_end = .)
                0x0000000008000408                . = ALIGN (0x4)

.init_array     0x0000000008000408        0x4
                0x0000000008000408                . = ALIGN (0x4)
                0x0000000008000408                PROVIDE (__init_array_start = .)
 *(SORT_BY_NAME(.init_array.*))
 *(.init_array*)
 .init_array    0x0000000008000408        0x4 /usr/lib/gcc/arm-none-eabi/10.3.1/thumb/v7-m/nofp/crtbegin.o
                0x000000000800040c                PROVIDE (__init_array_end = .)
                0x000000000800040c                . = ALIGN (0x4)

.fini_array     0x000000000800040c        0x4
                0x000000000800040c                . = ALIGN (0x4)
                0x000000000800040c                PROVIDE (__fini_array_start = .)
 *(SORT_BY_NAME(.fini_array.*))
 *(.fini_array*)
 .fini_array    0x000000000800040c        0x4 /usr/lib/gcc/arm-none-eabi/10.3.1/thumb/v7-m/nofp/crtbegin.o
                0x0000000008000410                PROVIDE (__fini_array_end = .)
                0x0000000008000410                . = ALIGN (0x4)
                0x0000000008000410                _sidata = LOADADDR (.data)

.rel.dyn        0x0000000008000410        0x0
 .rel.iplt      0x0000000008000410        0x0 /usr/lib/gcc/arm-none-eabi/10.3.1/thumb/v7-m/nofp/crtbegin.o

.data           0x0000000020000000        0x0 load address 0x0000000008000410
                0x0000000020000000                . = ALIGN (0x4)
                0x0000000020000000                _sdata = .
 *(.data)
 *(.data*)
 *(.RamFunc)
 *(.RamFunc*)
                0x0000000020000000                . = ALIGN (0x4)
                0x0000000020000000                _edata = .

.tm_clone_table
                0x0000000020000000        0x0 load address 0x0000000008000410
 .tm_clone_table
                0x0000000020000000        0x0 /usr/lib/gcc/arm-none-eabi/10.3.1/thumb/v7-m/nofp/crtbegin.o
 .tm_clone_table
                0x0000000020000000        0x0 /usr/lib/gcc/arm-none-eabi/10.3.1/thumb/v7-m/nofp/crtend.o

.igot.plt       0x0000000020000000        0x0 load address 0x0000000008000410
 .igot.plt      0x0000000020000000        0x0 /usr/lib/gcc/arm-none-eabi/10.3.1/thumb/v7-m/nofp/crtbegin.o
                0x0000000020000000                . = ALIGN (0x4)

.bss            0x0000000020000000       0x1c load address 0x0000000008000410
                0x0000000020000000                _sbss = .
                0x0000000020000000                __bss_start__ = _sbss
 *(.bss)
 .bss           0x0000000020000000       0x1c /usr/lib/gcc/arm-none-eabi/10.3.1/thumb/v7-m/nofp/crtbegin.o
 *(.bss*)
 *(COMMON)
                0x000000002000001c                . = ALIGN (0x4)
                0x000000002000001c                _ebss = .
                0x000000002000001c                __bss_end__ = _ebss

._user_heap_stack
                0x000000002000001c      0x604 load address 0x0000000008000410
                0x0000000020000020                . = ALIGN (0x8)
 *fill*         0x000000002000001c        0x4 
                [!provide]                        PROVIDE (end = .)
                [!provide]                        PROVIDE (_end = .)
                0x0000000020000220                . = (. + _Min_Heap_Size)
 *fill*         0x0000000020000020      0x200 
                0x0000000020000620                . = (. + _Min_Stack_Size)
 *fill*         0x0000000020000220      0x400 
                0x0000000020000620                . = ALIGN (0x8)

/DISCARD/
 libc.a(*)
 libm.a(*)
 libgcc.a(*)
OUTPUT(103c8-cmake.elf elf32-littlearm)
LOAD linker stubs
LOAD /usr/lib/gcc/arm-none-eabi/10.3.1/../../../arm-none-eabi/lib/thumb/v7-m/nofp/libc.a
LOAD /usr/lib/gcc/arm-none-eabi/10.3.1/../../../arm-none-eabi/lib/thumb/v7-m/nofp/libm.a
LOAD /usr/lib/gcc/arm-none-eabi/10.3.1/thumb/v7-m/nofp/libgcc.a

.ARM.attributes
                0x0000000000000000       0x29
 .ARM.attributes
                0x0000000000000000       0x1d /usr/lib/gcc/arm-none-eabi/10.3.1/thumb/v7-m/nofp/crti.o
 .ARM.attributes
                0x000000000000001d       0x2d /usr/lib/gcc/arm-none-eabi/10.3.1/thumb/v7-m/nofp/crtbegin.o
 .ARM.attributes
                0x000000000000004a       0x2d /usr/lib/gcc/arm-none-eabi/10.3.1/../../../arm-none-eabi/lib/thumb/v7-m/nofp/libc_nano.a(lib_a-init.o)
 .ARM.attributes
                0x0000000000000077       0x2d CMakeFiles/103c8-cmake.dir/src/main.c.obj
 .ARM.attributes
                0x00000000000000a4       0x21 CMakeFiles/103c8-cmake.dir/src/startup_stm32f103xb.s.obj
 .ARM.attributes
                0x00000000000000c5       0x2d /usr/lib/gcc/arm-none-eabi/10.3.1/thumb/v7-m/nofp/crtend.o
 .ARM.attributes
                0x00000000000000f2       0x1d /usr/lib/gcc/arm-none-eabi/10.3.1/thumb/v7-m/nofp/crtn.o

.comment        0x0000000000000000       0x33
 .comment       0x0000000000000000       0x33 /usr/lib/gcc/arm-none-eabi/10.3.1/thumb/v7-m/nofp/crtbegin.o
                                         0x34 (size before relaxing)
 .comment       0x0000000000000033       0x34 /usr/lib/gcc/arm-none-eabi/10.3.1/../../../arm-none-eabi/lib/thumb/v7-m/nofp/libc_nano.a(lib_a-init.o)
 .comment       0x0000000000000033       0x34 CMakeFiles/103c8-cmake.dir/src/main.c.obj
 .comment       0x0000000000000033       0x34 /usr/lib/gcc/arm-none-eabi/10.3.1/thumb/v7-m/nofp/crtend.o

.debug_info     0x0000000000000000      0x5f1
 .debug_info    0x0000000000000000      0x11a /usr/lib/gcc/arm-none-eabi/10.3.1/../../../arm-none-eabi/lib/thumb/v7-m/nofp/libc_nano.a(lib_a-init.o)
 .debug_info    0x000000000000011a      0x4b5 CMakeFiles/103c8-cmake.dir/src/main.c.obj
 .debug_info    0x00000000000005cf       0x22 CMakeFiles/103c8-cmake.dir/src/startup_stm32f103xb.s.obj

.debug_abbrev   0x0000000000000000      0x1fe
 .debug_abbrev  0x0000000000000000       0xcc /usr/lib/gcc/arm-none-eabi/10.3.1/../../../arm-none-eabi/lib/thumb/v7-m/nofp/libc_nano.a(lib_a-init.o)
 .debug_abbrev  0x00000000000000cc      0x120 CMakeFiles/103c8-cmake.dir/src/main.c.obj
 .debug_abbrev  0x00000000000001ec       0x12 CMakeFiles/103c8-cmake.dir/src/startup_stm32f103xb.s.obj

.debug_loc      0x0000000000000000       0xba
 .debug_loc     0x0000000000000000       0xba /usr/lib/gcc/arm-none-eabi/10.3.1/../../../arm-none-eabi/lib/thumb/v7-m/nofp/libc_nano.a(lib_a-init.o)

.debug_aranges  0x0000000000000000       0x88
 .debug_aranges
                0x0000000000000000       0x20 /usr/lib/gcc/arm-none-eabi/10.3.1/../../../arm-none-eabi/lib/thumb/v7-m/nofp/libc_nano.a(lib_a-init.o)
 .debug_aranges
                0x0000000000000020       0x40 CMakeFiles/103c8-cmake.dir/src/main.c.obj
 .debug_aranges
                0x0000000000000060       0x28 CMakeFiles/103c8-cmake.dir/src/startup_stm32f103xb.s.obj

.debug_line     0x0000000000000000      0x377
 .debug_line    0x0000000000000000      0x13f /usr/lib/gcc/arm-none-eabi/10.3.1/../../../arm-none-eabi/lib/thumb/v7-m/nofp/libc_nano.a(lib_a-init.o)
 .debug_line    0x000000000000013f      0x1ad CMakeFiles/103c8-cmake.dir/src/main.c.obj
 .debug_line    0x00000000000002ec       0x8b CMakeFiles/103c8-cmake.dir/src/startup_stm32f103xb.s.obj

.debug_str      0x0000000000000000     0x50ff
 .debug_str     0x0000000000000000      0x174 /usr/lib/gcc/arm-none-eabi/10.3.1/../../../arm-none-eabi/lib/thumb/v7-m/nofp/libc_nano.a(lib_a-init.o)
                                        0x203 (size before relaxing)
 .debug_str     0x0000000000000174     0x4f52 CMakeFiles/103c8-cmake.dir/src/main.c.obj
                                       0x50ba (size before relaxing)
 .debug_str     0x00000000000050c6       0x39 CMakeFiles/103c8-cmake.dir/src/startup_stm32f103xb.s.obj
                                         0x52 (size before relaxing)

.debug_frame    0x0000000000000000       0xe0
 .debug_frame   0x0000000000000000       0x2c /usr/lib/gcc/arm-none-eabi/10.3.1/../../../arm-none-eabi/lib/thumb/v7-m/nofp/libc_nano.a(lib_a-init.o)
 .debug_frame   0x000000000000002c       0xb4 CMakeFiles/103c8-cmake.dir/src/main.c.obj

.debug_ranges   0x0000000000000000       0x50
 .debug_ranges  0x0000000000000000       0x30 CMakeFiles/103c8-cmake.dir/src/main.c.obj
 .debug_ranges  0x0000000000000030       0x20 CMakeFiles/103c8-cmake.dir/src/startup_stm32f103xb.s.obj

.debug_macro    0x0000000000000000     0x12ae
 .debug_macro   0x0000000000000000       0x38 CMakeFiles/103c8-cmake.dir/src/main.c.obj
 .debug_macro   0x0000000000000038      0xa6c CMakeFiles/103c8-cmake.dir/src/main.c.obj
 .debug_macro   0x0000000000000aa4      0x34e CMakeFiles/103c8-cmake.dir/src/main.c.obj
 .debug_macro   0x0000000000000df2       0x58 CMakeFiles/103c8-cmake.dir/src/main.c.obj
 .debug_macro   0x0000000000000e4a      0x464 CMakeFiles/103c8-cmake.dir/src/main.c.obj
